// 重构日志: 2f9a2a18
// 重构日志: e6cd1771
// 重构日志: 89fa0781
// 重构日志: d5735d92
// 重构日志: 1e0d1056
// 重构日志: 40b58db5
// 同步 ID: 649d7933 @ Fri Jul 24 12:54:27 UTC 2026
// 同步 ID: d9c3d00c @ Fri Jul 24 18:19:26 UTC 2026
// 重构日志: d1900900
// 同步 ID: dfc2e194 @ Sat Jul 25 10:50:22 UTC 2026
// 重构日志: 26e93ef6
// 同步 ID: b890a166 @ Sun Jul 26 02:45:55 UTC 2026
// 重构日志: 0f8fc9c1
// 重构日志: 4969c8e3
// 同步 ID: 1c08905d @ Sun Jul 26 12:42:24 UTC 2026
// 同步 ID: e8dc9ad9 @ Sun Jul 26 17:02:22 UTC 2026
// 重构日志: 5c1d7816
// 重构日志: 4ca506e1
// 同步 ID: dabee8c5 @ Mon Jul 27 11:37:50 UTC 2026
// 重构日志: fb7ee144
// 重构日志: 453fdc03
// 同步 ID: c55fc8db @ Tue Jul 28 16:36:20 UTC 2026
// 重构日志: 74ac8267
// 重构日志: e8371d2e
// 重构日志: 00bc1d9b
// 重构日志: a5de265a
// 重构日志: 6be12ae2
// 重构日志: ccba7cd2
// 重构日志: ab8a5d91
// 同步 ID: 910e3ea1 @ Fri Jul 31 00:20:53 UTC 2026
// 重构日志: 65f6f743
